// Jest Snapshot v1, https://goo.gl/fbAQLP

exports[`renders correctly 1`] = `
.c0 {
  display: inline-block;
  vertical-align: middle;
  margin: 0 0 1rem 0;
  padding: 0.85em 1em;
  font-family: inherit;
  border: 1px solid transparent;
  border-radius: 100em;
  font-size: 0.9rem;
  line-height: 1;
  text-align: center;
  background-color: #1779ba;
  color: #fefefe;
  cursor: pointer;
  -webkit-transition-property: background-color,color;
  transition-property: background-color,color;
  -webkit-transition-duration: 0.25s;
  transition-duration: 0.25s;
  -webkit-transition-timing-function: ease-out;
  transition-timing-function: ease-out;
  -webkit-appearance: none;
  padding: 12px;
  width: 200px;
  font-size: 18px;
  color: #fefefe;
  background-color: #1779ba;
}

<a
  className="c0"
  color="white"
  fontSize={3}
  width={200}
/>
`;
