// Jest Snapshot v1, https://goo.gl/fbAQLP

exports[`It renders correctly 1`] = `
<form>
  <label>
    <span>
      Stuff paid for this week
    </span>
    <button
      onClick={[Function]}
      type="button"
    >
      Add item
    </button>
    <button
      onClick={[Function]}
      type="button"
    >
      Remove item
    </button>
  </label>
</form>
`;
