// Jest Snapshot v1, https://goo.gl/fbAQLP

exports[`It renders correctly 1`] = `
<styled.form>
  <styled.p
    fontSize={3}
  >
    Stuff paid for this week
  </styled.p>
  <styled.p
    fontSize={2}
  >
    Current week: 
    Invalid Date
     - 
    Invalid Date
  </styled.p>
  <styled.button
    bg="green"
    onClick={[Function]}
    type="button"
  >
    Add item
  </styled.button>
</styled.form>
`;
